Copyright 1986-2019 Xilinx, Inc. All Rights Reserved.
------------------------------------------------------------------------------------
| Tool Version : Vivado v.2019.2 (win64) Build 2708876 Wed Nov  6 21:40:23 MST 2019
| Date         : Sat Jul 17 11:23:48 2021
| Host         : LAPTOP-JS3ELUQ5 running 64-bit major release  (build 9200)
| Command      : report_control_sets -verbose -file top_control_sets_placed.rpt
| Design       : top
| Device       : xc7a35tl
------------------------------------------------------------------------------------

Control Set Information

Table of Contents
-----------------
1. Summary
2. Histogram
3. Flip-Flop Distribution
4. Detailed Control Set Information

1. Summary
----------

+----------------------------------------------------------+-------+
|                          Status                          | Count |
+----------------------------------------------------------+-------+
| Total control sets                                       |   520 |
|    Minimum number of control sets                        |   520 |
|    Addition due to synthesis replication                 |     0 |
|    Addition due to physical synthesis replication        |     0 |
| Unused register locations in slices containing registers |    28 |
+----------------------------------------------------------+-------+
* Control sets can be merged at opt_design using control_set_merge or merge_equivalent_drivers
** Run report_qor_suggestions for automated merging and remapping suggestions


2. Histogram
------------

+--------------------+-------+
|       Fanout       | Count |
+--------------------+-------+
| Total control sets |   520 |
| >= 0 to < 4        |     0 |
| >= 4 to < 6        |     1 |
| >= 6 to < 8        |     0 |
| >= 8 to < 10       |   514 |
| >= 10 to < 12      |     0 |
| >= 12 to < 14      |     0 |
| >= 14 to < 16      |     1 |
| >= 16              |     4 |
+--------------------+-------+
* Control sets can be remapped at either synth_design or opt_design


3. Flip-Flop Distribution
-------------------------

+--------------+-----------------------+------------------------+-----------------+--------------+
| Clock Enable | Synchronous Set/Reset | Asynchronous Set/Reset | Total Registers | Total Slices |
+--------------+-----------------------+------------------------+-----------------+--------------+
| No           | No                    | No                     |               9 |            3 |
| No           | No                    | Yes                    |              46 |           13 |
| No           | Yes                   | No                     |               0 |            0 |
| Yes          | No                    | No                     |              40 |           18 |
| Yes          | No                    | Yes                    |            4115 |         1473 |
| Yes          | Yes                   | No                     |              58 |           18 |
+--------------+-----------------------+------------------------+-----------------+--------------+


4. Detailed Control Set Information
-----------------------------------

+----------------+--------------------------------------+------------------------------------+------------------+----------------+
|  Clock Signal  |             Enable Signal            |          Set/Reset Signal          | Slice Load Count | Bel Load Count |
+----------------+--------------------------------------+------------------------------------+------------------+----------------+
|  clk_IBUF_BUFG | nolabel_line38/add_cnt1              | rst_IBUF                           |                2 |              4 |
|  clk_IBUF_BUFG | nolabel_line39/MEM[169][7]_i_1_n_0   | rst_IBUF                           |                3 |              8 |
|  clk_IBUF_BUFG | nolabel_line39/MEM[89][7]_i_1_n_0    | rst_IBUF                           |                2 |              8 |
|  clk_IBUF_BUFG | nolabel_line39/MEM                   | rst_IBUF                           |                4 |              8 |
|  clk_IBUF_BUFG | nolabel_line39/MEM[0][7]_i_1_n_0     | rst_IBUF                           |                1 |              8 |
|  clk_IBUF_BUFG | nolabel_line39/MEM[106][7]_i_1_n_0   | rst_IBUF                           |                3 |              8 |
|  clk_IBUF_BUFG | nolabel_line39/MEM[107][7]_i_1_n_0   | rst_IBUF                           |                3 |              8 |
|  clk_IBUF_BUFG | nolabel_line39/MEM[110][7]_i_1_n_0   | rst_IBUF                           |                4 |              8 |
|  clk_IBUF_BUFG | nolabel_line39/MEM[114][7]_i_1_n_0   | rst_IBUF                           |                2 |              8 |
|  clk_IBUF_BUFG | nolabel_line39/MEM[120][7]_i_1_n_0   | rst_IBUF                           |                3 |              8 |
|  clk_IBUF_BUFG | nolabel_line39/MEM[122][7]_i_1_n_0   | rst_IBUF                           |                4 |              8 |
|  clk_IBUF_BUFG | nolabel_line39/MEM[124][7]_i_1_n_0   | rst_IBUF                           |                3 |              8 |
|  clk_IBUF_BUFG | nolabel_line39/MEM[127][7]_i_1_n_0   | rst_IBUF                           |                4 |              8 |
|  clk_IBUF_BUFG | nolabel_line39/MEM[128][7]_i_1_n_0   | rst_IBUF                           |                1 |              8 |
|  clk_IBUF_BUFG | nolabel_line39/MEM[129][7]_i_1_n_0   | rst_IBUF                           |                4 |              8 |
|  clk_IBUF_BUFG | nolabel_line39/MEM[102][7]_i_1_n_0   | rst_IBUF                           |                4 |              8 |
|  clk_IBUF_BUFG | nolabel_line39/MEM[100][7]_i_1_n_0   | rst_IBUF                           |                3 |              8 |
|  clk_IBUF_BUFG | nolabel_line39/MEM[105][7]_i_1_n_0   | rst_IBUF                           |                4 |              8 |
|  clk_IBUF_BUFG | nolabel_line39/MEM[108][7]_i_1_n_0   | rst_IBUF                           |                4 |              8 |
|  clk_IBUF_BUFG | nolabel_line39/MEM[10][7]_i_1_n_0    | rst_IBUF                           |                1 |              8 |
|  clk_IBUF_BUFG | nolabel_line39/MEM[111][7]_i_1_n_0   | rst_IBUF                           |                4 |              8 |
|  clk_IBUF_BUFG | nolabel_line39/MEM[113][7]_i_1_n_0   | rst_IBUF                           |                3 |              8 |
|  clk_IBUF_BUFG | nolabel_line39/MEM[103][7]_i_1_n_0   | rst_IBUF                           |                4 |              8 |
|  clk_IBUF_BUFG | nolabel_line39/MEM[115][7]_i_1_n_0   | rst_IBUF                           |                2 |              8 |
|  clk_IBUF_BUFG | nolabel_line39/MEM[118][7]_i_1_n_0   | rst_IBUF                           |                2 |              8 |
|  clk_IBUF_BUFG | nolabel_line39/MEM[119][7]_i_1_n_0   | rst_IBUF                           |                5 |              8 |
|  clk_IBUF_BUFG | nolabel_line39/MEM[11][7]_i_1_n_0    | rst_IBUF                           |                1 |              8 |
|  clk_IBUF_BUFG | nolabel_line39/MEM[123][7]_i_1_n_0   | rst_IBUF                           |                2 |              8 |
|  clk_IBUF_BUFG | nolabel_line39/MEM[109][7]_i_1_n_0   | rst_IBUF                           |                1 |              8 |
|  clk_IBUF_BUFG | nolabel_line39/MEM[112][7]_i_1_n_0   | rst_IBUF                           |                1 |              8 |
|  clk_IBUF_BUFG | nolabel_line39/MEM[126][7]_i_1_n_0   | rst_IBUF                           |                3 |              8 |
|  clk_IBUF_BUFG | nolabel_line39/MEM[116][7]_i_1_n_0   | rst_IBUF                           |                2 |              8 |
|  clk_IBUF_BUFG | nolabel_line39/MEM[117][7]_i_1_n_0   | rst_IBUF                           |                2 |              8 |
|  clk_IBUF_BUFG | nolabel_line39/MEM[121][7]_i_1_n_0   | rst_IBUF                           |                5 |              8 |
|  clk_IBUF_BUFG | nolabel_line39/MEM[101][7]_i_1_n_0   | rst_IBUF                           |                2 |              8 |
|  clk_IBUF_BUFG | nolabel_line39/MEM[104][7]_i_1_n_0   | rst_IBUF                           |                2 |              8 |
|  clk_IBUF_BUFG | nolabel_line39/MEM[125][7]_i_1_n_0   | rst_IBUF                           |                2 |              8 |
|  clk_IBUF_BUFG | nolabel_line39/MEM[145][7]_i_1_n_0   | rst_IBUF                           |                2 |              8 |
|  clk_IBUF_BUFG | nolabel_line39/MEM[14][7]_i_1_n_0    | rst_IBUF                           |                2 |              8 |
|  clk_IBUF_BUFG | nolabel_line39/MEM[149][7]_i_1_n_0   | rst_IBUF                           |                3 |              8 |
|  clk_IBUF_BUFG | nolabel_line39/MEM[138][7]_i_1_n_0   | rst_IBUF                           |                3 |              8 |
|  clk_IBUF_BUFG | nolabel_line39/MEM[158][7]_i_1_n_0   | rst_IBUF                           |                3 |              8 |
|  clk_IBUF_BUFG | nolabel_line39/MEM[130][7]_i_1_n_0   | rst_IBUF                           |                1 |              8 |
|  clk_IBUF_BUFG | nolabel_line39/MEM[160][7]_i_1_n_0   | rst_IBUF                           |                3 |              8 |
|  clk_IBUF_BUFG | nolabel_line39/MEM[161][7]_i_1_n_0   | rst_IBUF                           |                2 |              8 |
|  clk_IBUF_BUFG | nolabel_line39/MEM[157][7]_i_1_n_0   | rst_IBUF                           |                5 |              8 |
|  clk_IBUF_BUFG | nolabel_line39/MEM[163][7]_i_1_n_0   | rst_IBUF                           |                1 |              8 |
|  clk_IBUF_BUFG | nolabel_line39/MEM[164][7]_i_1_n_0   | rst_IBUF                           |                2 |              8 |
|  clk_IBUF_BUFG | nolabel_line39/MEM[13][7]_i_1_n_0    | rst_IBUF                           |                3 |              8 |
|  clk_IBUF_BUFG | nolabel_line39/MEM[143][7]_i_1_n_0   | rst_IBUF                           |                7 |              8 |
|  clk_IBUF_BUFG | nolabel_line39/MEM[150][7]_i_1_n_0   | rst_IBUF                           |                2 |              8 |
|  clk_IBUF_BUFG | nolabel_line39/MEM[155][7]_i_1_n_0   | rst_IBUF                           |                3 |              8 |
|  clk_IBUF_BUFG | nolabel_line39/MEM[135][7]_i_1_n_0   | rst_IBUF                           |                2 |              8 |
|  clk_IBUF_BUFG | nolabel_line39/MEM[147][7]_i_1_n_0   | rst_IBUF                           |                3 |              8 |
|  clk_IBUF_BUFG | nolabel_line39/MEM[148][7]_i_1_n_0   | rst_IBUF                           |                5 |              8 |
|  clk_IBUF_BUFG | nolabel_line39/MEM[142][7]_i_1_n_0   | rst_IBUF                           |                5 |              8 |
|  clk_IBUF_BUFG | nolabel_line39/MEM[159][7]_i_1_n_0   | rst_IBUF                           |                5 |              8 |
|  clk_IBUF_BUFG | nolabel_line39/MEM[156][7]_i_1_n_0   | rst_IBUF                           |                4 |              8 |
|  clk_IBUF_BUFG | nolabel_line39/MEM[151][7]_i_1_n_0   | rst_IBUF                           |                2 |              8 |
|  clk_IBUF_BUFG | nolabel_line39/MEM[162][7]_i_1_n_0   | rst_IBUF                           |                2 |              8 |
|  clk_IBUF_BUFG | nolabel_line39/MEM[165][7]_i_1_n_0   | rst_IBUF                           |                4 |              8 |
|  clk_IBUF_BUFG | nolabel_line39/MEM[12][7]_i_1_n_0    | rst_IBUF                           |                2 |              8 |
|  clk_IBUF_BUFG | nolabel_line39/MEM[166][7]_i_1_n_0   | rst_IBUF                           |                1 |              8 |
|  clk_IBUF_BUFG | nolabel_line39/MEM[167][7]_i_1_n_0   | rst_IBUF                           |                1 |              8 |
|  clk_IBUF_BUFG | nolabel_line39/MEM[137][7]_i_1_n_0   | rst_IBUF                           |                2 |              8 |
|  clk_IBUF_BUFG | nolabel_line39/MEM[168][7]_i_1_n_0   | rst_IBUF                           |                1 |              8 |
|  clk_IBUF_BUFG | nolabel_line39/MEM[195][7]_i_1_n_0   | rst_IBUF                           |                2 |              8 |
|  clk_IBUF_BUFG | nolabel_line39/MEM[170][7]_i_1_n_0   | rst_IBUF                           |                4 |              8 |
|  clk_IBUF_BUFG | nolabel_line39/MEM[153][7]_i_1_n_0   | rst_IBUF                           |                4 |              8 |
|  clk_IBUF_BUFG | nolabel_line39/MEM[171][7]_i_1_n_0   | rst_IBUF                           |                3 |              8 |
|  clk_IBUF_BUFG | nolabel_line39/MEM[16][7]_i_1_n_0    | rst_IBUF                           |                2 |              8 |
|  clk_IBUF_BUFG | nolabel_line39/MEM[15][7]_i_1_n_0    | rst_IBUF                           |                1 |              8 |
|  clk_IBUF_BUFG | nolabel_line39/MEM[172][7]_i_1_n_0   | rst_IBUF                           |                6 |              8 |
|  clk_IBUF_BUFG | nolabel_line39/MEM[173][7]_i_1_n_0   | rst_IBUF                           |                4 |              8 |
|  clk_IBUF_BUFG | nolabel_line39/MEM[133][7]_i_1_n_0   | rst_IBUF                           |                2 |              8 |
|  clk_IBUF_BUFG | nolabel_line39/MEM[134][7]_i_1_n_0   | rst_IBUF                           |                3 |              8 |
|  clk_IBUF_BUFG | nolabel_line39/MEM[136][7]_i_1_n_0   | rst_IBUF                           |                1 |              8 |
|  clk_IBUF_BUFG | nolabel_line39/MEM[144][7]_i_1_n_0   | rst_IBUF                           |                2 |              8 |
|  clk_IBUF_BUFG | nolabel_line39/MEM[152][7]_i_1_n_0   | rst_IBUF                           |                3 |              8 |
|  clk_IBUF_BUFG | nolabel_line39/MEM[132][7]_i_1_n_0   | rst_IBUF                           |                3 |              8 |
|  clk_IBUF_BUFG | nolabel_line39/MEM[139][7]_i_1_n_0   | rst_IBUF                           |                7 |              8 |
|  clk_IBUF_BUFG | nolabel_line39/MEM[141][7]_i_1_n_0   | rst_IBUF                           |                5 |              8 |
|  clk_IBUF_BUFG | nolabel_line39/MEM[140][7]_i_1_n_0   | rst_IBUF                           |                3 |              8 |
|  clk_IBUF_BUFG | nolabel_line39/MEM[146][7]_i_1_n_0   | rst_IBUF                           |                2 |              8 |
|  clk_IBUF_BUFG | nolabel_line39/MEM[154][7]_i_1_n_0   | rst_IBUF                           |                2 |              8 |
|  clk_IBUF_BUFG | nolabel_line39/MEM[131][7]_i_1_n_0   | rst_IBUF                           |                2 |              8 |
|  clk_IBUF_BUFG | nolabel_line39/MEM[215][7]_i_1_n_0   | rst_IBUF                           |                2 |              8 |
|  clk_IBUF_BUFG | nolabel_line39/MEM[219][7]_i_1_n_0   | rst_IBUF                           |                2 |              8 |
|  clk_IBUF_BUFG | nolabel_line39/MEM[199][7]_i_1_n_0   | rst_IBUF                           |                3 |              8 |
|  clk_IBUF_BUFG | nolabel_line39/MEM[21][7]_i_1_n_0    | rst_IBUF                           |                1 |              8 |
|  clk_IBUF_BUFG | nolabel_line39/MEM[220][7]_i_1_n_0   | rst_IBUF                           |                2 |              8 |
|  clk_IBUF_BUFG | nolabel_line39/MEM[179][7]_i_1_n_0   | rst_IBUF                           |                1 |              8 |
|  clk_IBUF_BUFG | nolabel_line39/MEM[193][7]_i_1_n_0   | rst_IBUF                           |                1 |              8 |
|  clk_IBUF_BUFG | nolabel_line39/MEM[18][7]_i_1_n_0    | rst_IBUF                           |                1 |              8 |
|  clk_IBUF_BUFG | nolabel_line39/MEM[196][7]_i_1_n_0   | rst_IBUF                           |                2 |              8 |
|  clk_IBUF_BUFG | nolabel_line39/MEM[194][7]_i_1_n_0   | rst_IBUF                           |                2 |              8 |
|  clk_IBUF_BUFG | nolabel_line39/MEM[189][7]_i_1_n_0   | rst_IBUF                           |                4 |              8 |
|  clk_IBUF_BUFG | nolabel_line39/MEM[19][7]_i_1_n_0    | rst_IBUF                           |                2 |              8 |
|  clk_IBUF_BUFG | nolabel_line39/MEM[206][7]_i_1_n_0   | rst_IBUF                           |                2 |              8 |
|  clk_IBUF_BUFG | nolabel_line39/MEM[211][7]_i_1_n_0   | rst_IBUF                           |                2 |              8 |
|  clk_IBUF_BUFG | nolabel_line39/MEM[212][7]_i_1_n_0   | rst_IBUF                           |                3 |              8 |
|  clk_IBUF_BUFG | nolabel_line39/MEM[177][7]_i_1_n_0   | rst_IBUF                           |                1 |              8 |
|  clk_IBUF_BUFG | nolabel_line39/MEM[201][7]_i_1_n_0   | rst_IBUF                           |                1 |              8 |
|  clk_IBUF_BUFG | nolabel_line39/MEM[185][7]_i_1_n_0   | rst_IBUF                           |                4 |              8 |
|  clk_IBUF_BUFG | nolabel_line39/MEM[192][7]_i_1_n_0   | rst_IBUF                           |                1 |              8 |
|  clk_IBUF_BUFG | nolabel_line39/MEM[218][7]_i_1_n_0   | rst_IBUF                           |                2 |              8 |
|  clk_IBUF_BUFG | nolabel_line39/MEM[222][7]_i_1_n_0   | rst_IBUF                           |                5 |              8 |
|  clk_IBUF_BUFG | nolabel_line39/MEM[175][7]_i_1_n_0   | rst_IBUF                           |                8 |              8 |
|  clk_IBUF_BUFG | nolabel_line39/MEM[223][7]_i_1_n_0   | rst_IBUF                           |                4 |              8 |
|  clk_IBUF_BUFG | nolabel_line39/MEM[1][7]_i_1_n_0     | rst_IBUF                           |                1 |              8 |
|  clk_IBUF_BUFG | nolabel_line39/MEM[181][7]_i_1_n_0   | rst_IBUF                           |                1 |              8 |
|  clk_IBUF_BUFG | nolabel_line39/MEM[180][7]_i_1_n_0   | rst_IBUF                           |                3 |              8 |
|  clk_IBUF_BUFG | nolabel_line39/MEM[197][7]_i_1_n_0   | rst_IBUF                           |                1 |              8 |
|  clk_IBUF_BUFG | nolabel_line39/MEM[209][7]_i_1_n_0   | rst_IBUF                           |                2 |              8 |
|  clk_IBUF_BUFG | nolabel_line39/MEM[198][7]_i_1_n_0   | rst_IBUF                           |                5 |              8 |
|  clk_IBUF_BUFG | nolabel_line39/MEM[216][7]_i_1_n_0   | rst_IBUF                           |                1 |              8 |
|  clk_IBUF_BUFG | nolabel_line39/MEM[217][7]_i_1_n_0   | rst_IBUF                           |                2 |              8 |
|  clk_IBUF_BUFG | nolabel_line39/MEM[224][7]_i_1_n_0   | rst_IBUF                           |                3 |              8 |
|  clk_IBUF_BUFG | nolabel_line39/MEM[225][7]_i_1_n_0   | rst_IBUF                           |                5 |              8 |
|  clk_IBUF_BUFG | nolabel_line39/MEM[176][7]_i_1_n_0   | rst_IBUF                           |                1 |              8 |
|  clk_IBUF_BUFG | nolabel_line39/MEM[178][7]_i_1_n_0   | rst_IBUF                           |                4 |              8 |
|  clk_IBUF_BUFG | nolabel_line39/MEM[200][7]_i_1_n_0   | rst_IBUF                           |                4 |              8 |
|  clk_IBUF_BUFG | nolabel_line39/MEM[202][7]_i_1_n_0   | rst_IBUF                           |                2 |              8 |
|  clk_IBUF_BUFG | nolabel_line39/MEM[20][7]_i_1_n_0    | rst_IBUF                           |                1 |              8 |
|  clk_IBUF_BUFG | nolabel_line39/MEM[205][7]_i_1_n_0   | rst_IBUF                           |                1 |              8 |
|  clk_IBUF_BUFG | nolabel_line39/MEM[221][7]_i_1_n_0   | rst_IBUF                           |                6 |              8 |
|  clk_IBUF_BUFG | nolabel_line39/MEM[207][7]_i_1_n_0   | rst_IBUF                           |                8 |              8 |
|  clk_IBUF_BUFG | nolabel_line39/MEM[226][7]_i_1_n_0   | rst_IBUF                           |                2 |              8 |
|  clk_IBUF_BUFG | nolabel_line39/MEM[190][7]_i_1_n_0   | rst_IBUF                           |                6 |              8 |
|  clk_IBUF_BUFG | nolabel_line39/MEM[204][7]_i_1_n_0   | rst_IBUF                           |                2 |              8 |
|  clk_IBUF_BUFG | nolabel_line39/MEM[210][7]_i_1_n_0   | rst_IBUF                           |                1 |              8 |
|  clk_IBUF_BUFG | nolabel_line39/MEM[213][7]_i_1_n_0   | rst_IBUF                           |                2 |              8 |
|  clk_IBUF_BUFG | nolabel_line39/MEM[183][7]_i_1_n_0   | rst_IBUF                           |                2 |              8 |
|  clk_IBUF_BUFG | nolabel_line39/MEM[184][7]_i_1_n_0   | rst_IBUF                           |                3 |              8 |
|  clk_IBUF_BUFG | nolabel_line39/MEM[174][7]_i_1_n_0   | rst_IBUF                           |                6 |              8 |
|  clk_IBUF_BUFG | nolabel_line39/MEM[17][7]_i_1_n_0    | rst_IBUF                           |                5 |              8 |
|  clk_IBUF_BUFG | nolabel_line39/MEM[182][7]_i_1_n_0   | rst_IBUF                           |                1 |              8 |
|  clk_IBUF_BUFG | nolabel_line39/MEM[186][7]_i_1_n_0   | rst_IBUF                           |                6 |              8 |
|  clk_IBUF_BUFG | nolabel_line39/MEM[203][7]_i_1_n_0   | rst_IBUF                           |                2 |              8 |
|  clk_IBUF_BUFG | nolabel_line39/MEM[188][7]_i_1_n_0   | rst_IBUF                           |                2 |              8 |
|  clk_IBUF_BUFG | nolabel_line39/MEM[187][7]_i_1_n_0   | rst_IBUF                           |                2 |              8 |
|  clk_IBUF_BUFG | nolabel_line39/MEM[191][7]_i_1_n_0   | rst_IBUF                           |                5 |              8 |
|  clk_IBUF_BUFG | nolabel_line39/MEM[208][7]_i_1_n_0   | rst_IBUF                           |                1 |              8 |
|  clk_IBUF_BUFG | nolabel_line39/MEM[214][7]_i_1_n_0   | rst_IBUF                           |                2 |              8 |
|  clk_IBUF_BUFG | nolabel_line39/MEM[263][7]_i_1_n_0   | rst_IBUF                           |                2 |              8 |
|  clk_IBUF_BUFG | nolabel_line39/MEM[259][7]_i_1_n_0   | rst_IBUF                           |                2 |              8 |
|  clk_IBUF_BUFG | nolabel_line39/MEM[230][7]_i_1_n_0   | rst_IBUF                           |                3 |              8 |
|  clk_IBUF_BUFG | nolabel_line39/MEM[250][7]_i_1_n_0   | rst_IBUF                           |                4 |              8 |
|  clk_IBUF_BUFG | nolabel_line39/MEM[253][7]_i_1_n_0   | rst_IBUF                           |                4 |              8 |
|  clk_IBUF_BUFG | nolabel_line39/MEM[264][7]_i_1_n_0   | rst_IBUF                           |                4 |              8 |
|  clk_IBUF_BUFG | nolabel_line39/MEM[248][7]_i_1_n_0   | rst_IBUF                           |                3 |              8 |
|  clk_IBUF_BUFG | nolabel_line39/MEM[244][7]_i_1_n_0   | rst_IBUF                           |                4 |              8 |
|  clk_IBUF_BUFG | nolabel_line39/MEM[237][7]_i_1_n_0   | rst_IBUF                           |                4 |              8 |
|  clk_IBUF_BUFG | nolabel_line39/MEM[257][7]_i_1_n_0   | rst_IBUF                           |                2 |              8 |
|  clk_IBUF_BUFG | nolabel_line39/MEM[262][7]_i_1_n_0   | rst_IBUF                           |                1 |              8 |
|  clk_IBUF_BUFG | nolabel_line39/MEM[266][7]_i_1_n_0   | rst_IBUF                           |                2 |              8 |
|  clk_IBUF_BUFG | nolabel_line39/MEM[267][7]_i_1_n_0   | rst_IBUF                           |                2 |              8 |
|  clk_IBUF_BUFG | nolabel_line39/MEM[249][7]_i_1_n_0   | rst_IBUF                           |                4 |              8 |
|  clk_IBUF_BUFG | nolabel_line39/MEM[251][7]_i_1_n_0   | rst_IBUF                           |                4 |              8 |
|  clk_IBUF_BUFG | nolabel_line39/MEM[268][7]_i_1_n_0   | rst_IBUF                           |                2 |              8 |
|  clk_IBUF_BUFG | nolabel_line39/MEM[247][7]_i_1_n_0   | rst_IBUF                           |                4 |              8 |
|  clk_IBUF_BUFG | nolabel_line39/MEM[22][7]_i_1_n_0    | rst_IBUF                           |                5 |              8 |
|  clk_IBUF_BUFG | nolabel_line39/MEM[233][7]_i_1_n_0   | rst_IBUF                           |                2 |              8 |
|  clk_IBUF_BUFG | nolabel_line39/MEM[26][7]_i_1_n_0    | rst_IBUF                           |                2 |              8 |
|  clk_IBUF_BUFG | nolabel_line39/MEM[272][7]_i_1_n_0   | rst_IBUF                           |                3 |              8 |
|  clk_IBUF_BUFG | nolabel_line39/MEM[273][7]_i_1_n_0   | rst_IBUF                           |                2 |              8 |
|  clk_IBUF_BUFG | nolabel_line39/MEM[236][7]_i_1_n_0   | rst_IBUF                           |                4 |              8 |
|  clk_IBUF_BUFG | nolabel_line39/MEM[25][7]_i_1_n_0    | rst_IBUF                           |                3 |              8 |
|  clk_IBUF_BUFG | nolabel_line39/MEM[271][7]_i_1_n_0   | rst_IBUF                           |                4 |              8 |
|  clk_IBUF_BUFG | nolabel_line39/MEM[274][7]_i_1_n_0   | rst_IBUF                           |                2 |              8 |
|  clk_IBUF_BUFG | nolabel_line39/MEM[227][7]_i_1_n_0   | rst_IBUF                           |                2 |              8 |
|  clk_IBUF_BUFG | nolabel_line39/MEM[275][7]_i_1_n_0   | rst_IBUF                           |                3 |              8 |
|  clk_IBUF_BUFG | nolabel_line39/MEM[24][7]_i_1_n_0    | rst_IBUF                           |                3 |              8 |
|  clk_IBUF_BUFG | nolabel_line39/MEM[252][7]_i_1_n_0   | rst_IBUF                           |                4 |              8 |
|  clk_IBUF_BUFG | nolabel_line39/MEM[276][7]_i_1_n_0   | rst_IBUF                           |                4 |              8 |
|  clk_IBUF_BUFG | nolabel_line39/MEM[234][7]_i_1_n_0   | rst_IBUF                           |                1 |              8 |
|  clk_IBUF_BUFG | nolabel_line39/MEM[235][7]_i_1_n_0   | rst_IBUF                           |                3 |              8 |
|  clk_IBUF_BUFG | nolabel_line39/MEM[240][7]_i_1_n_0   | rst_IBUF                           |                1 |              8 |
|  clk_IBUF_BUFG | nolabel_line39/MEM[269][7]_i_1_n_0   | rst_IBUF                           |                4 |              8 |
|  clk_IBUF_BUFG | nolabel_line39/MEM[229][7]_i_1_n_0   | rst_IBUF                           |                1 |              8 |
|  clk_IBUF_BUFG | nolabel_line39/MEM[231][7]_i_1_n_0   | rst_IBUF                           |                2 |              8 |
|  clk_IBUF_BUFG | nolabel_line39/MEM[261][7]_i_1_n_0   | rst_IBUF                           |                2 |              8 |
|  clk_IBUF_BUFG | nolabel_line39/MEM[277][7]_i_1_n_0   | rst_IBUF                           |                1 |              8 |
|  clk_IBUF_BUFG | nolabel_line39/MEM[245][7]_i_1_n_0   | rst_IBUF                           |                2 |              8 |
|  clk_IBUF_BUFG | nolabel_line39/MEM[270][7]_i_1_n_0   | rst_IBUF                           |                4 |              8 |
|  clk_IBUF_BUFG | nolabel_line39/MEM[243][7]_i_1_n_0   | rst_IBUF                           |                1 |              8 |
|  clk_IBUF_BUFG | nolabel_line39/MEM[242][7]_i_1_n_0   | rst_IBUF                           |                4 |              8 |
|  clk_IBUF_BUFG | nolabel_line39/MEM[255][7]_i_1_n_0   | rst_IBUF                           |                7 |              8 |
|  clk_IBUF_BUFG | nolabel_line39/MEM[228][7]_i_1_n_0   | rst_IBUF                           |                3 |              8 |
|  clk_IBUF_BUFG | nolabel_line39/MEM[254][7]_i_1_n_0   | rst_IBUF                           |                2 |              8 |
|  clk_IBUF_BUFG | nolabel_line39/MEM[265][7]_i_1_n_0   | rst_IBUF                           |                5 |              8 |
|  clk_IBUF_BUFG | nolabel_line39/MEM[258][7]_i_1_n_0   | rst_IBUF                           |                1 |              8 |
|  clk_IBUF_BUFG | nolabel_line39/MEM[232][7]_i_1_n_0   | rst_IBUF                           |                2 |              8 |
|  clk_IBUF_BUFG | nolabel_line39/MEM[238][7]_i_1_n_0   | rst_IBUF                           |                2 |              8 |
|  clk_IBUF_BUFG | nolabel_line39/MEM[239][7]_i_1_n_0   | rst_IBUF                           |                5 |              8 |
|  clk_IBUF_BUFG | nolabel_line39/MEM[23][7]_i_1_n_0    | rst_IBUF                           |                2 |              8 |
|  clk_IBUF_BUFG | nolabel_line39/MEM[241][7]_i_1_n_0   | rst_IBUF                           |                1 |              8 |
|  clk_IBUF_BUFG | nolabel_line39/MEM[246][7]_i_1_n_0   | rst_IBUF                           |                4 |              8 |
|  clk_IBUF_BUFG | nolabel_line39/MEM[256][7]_i_1_n_0   | rst_IBUF                           |                3 |              8 |
|  clk_IBUF_BUFG | nolabel_line39/MEM[260][7]_i_1_n_0   | rst_IBUF                           |                3 |              8 |
|  clk_IBUF_BUFG | nolabel_line39/MEM[305][7]_i_1_n_0   | rst_IBUF                           |                4 |              8 |
|  clk_IBUF_BUFG | nolabel_line39/MEM[310][7]_i_1_n_0   | rst_IBUF                           |                2 |              8 |
|  clk_IBUF_BUFG | nolabel_line39/MEM[311][7]_i_1_n_0   | rst_IBUF                           |                1 |              8 |
|  clk_IBUF_BUFG | nolabel_line39/MEM[312][7]_i_1_n_0   | rst_IBUF                           |                3 |              8 |
|  clk_IBUF_BUFG | nolabel_line39/MEM[314][7]_i_1_n_0   | rst_IBUF                           |                4 |              8 |
|  clk_IBUF_BUFG | nolabel_line39/MEM[289][7]_i_1_n_0   | rst_IBUF                           |                2 |              8 |
|  clk_IBUF_BUFG | nolabel_line39/MEM[315][7]_i_1_n_0   | rst_IBUF                           |                4 |              8 |
|  clk_IBUF_BUFG | nolabel_line39/MEM[303][7]_i_1_n_0   | rst_IBUF                           |                2 |              8 |
|  clk_IBUF_BUFG | nolabel_line39/MEM[313][7]_i_1_n_0   | rst_IBUF                           |                1 |              8 |
|  clk_IBUF_BUFG | nolabel_line39/MEM[285][7]_i_1_n_0   | rst_IBUF                           |                3 |              8 |
|  clk_IBUF_BUFG | nolabel_line39/MEM[319][7]_i_1_n_0   | rst_IBUF                           |                4 |              8 |
|  clk_IBUF_BUFG | nolabel_line39/MEM[27][7]_i_1_n_0    | rst_IBUF                           |                2 |              8 |
|  clk_IBUF_BUFG | nolabel_line39/MEM[31][7]_i_1_n_0    | rst_IBUF                           |                6 |              8 |
|  clk_IBUF_BUFG | nolabel_line39/MEM[309][7]_i_1_n_0   | rst_IBUF                           |                1 |              8 |
|  clk_IBUF_BUFG | nolabel_line39/MEM[320][7]_i_1_n_0   | rst_IBUF                           |                3 |              8 |
|  clk_IBUF_BUFG | nolabel_line39/MEM[2][7]_i_1_n_0     | rst_IBUF                           |                3 |              8 |
|  clk_IBUF_BUFG | nolabel_line39/MEM[282][7]_i_1_n_0   | rst_IBUF                           |                8 |              8 |
|  clk_IBUF_BUFG | nolabel_line39/MEM[322][7]_i_1_n_0   | rst_IBUF                           |                1 |              8 |
|  clk_IBUF_BUFG | nolabel_line39/MEM[297][7]_i_1_n_0   | rst_IBUF                           |                1 |              8 |
|  clk_IBUF_BUFG | nolabel_line39/MEM[296][7]_i_1_n_0   | rst_IBUF                           |                2 |              8 |
|  clk_IBUF_BUFG | nolabel_line39/MEM[280][7]_i_1_n_0   | rst_IBUF                           |                2 |              8 |
|  clk_IBUF_BUFG | nolabel_line39/MEM[281][7]_i_1_n_0   | rst_IBUF                           |                3 |              8 |
|  clk_IBUF_BUFG | nolabel_line39/MEM[290][7]_i_1_n_0   | rst_IBUF                           |                3 |              8 |
|  clk_IBUF_BUFG | nolabel_line39/MEM[291][7]_i_1_n_0   | rst_IBUF                           |                2 |              8 |
|  clk_IBUF_BUFG | nolabel_line39/MEM[308][7]_i_1_n_0   | rst_IBUF                           |                1 |              8 |
|  clk_IBUF_BUFG | nolabel_line39/MEM[287][7]_i_1_n_0   | rst_IBUF                           |                3 |              8 |
|  clk_IBUF_BUFG | nolabel_line39/MEM[318][7]_i_1_n_0   | rst_IBUF                           |                6 |              8 |
|  clk_IBUF_BUFG | nolabel_line39/MEM[321][7]_i_1_n_0   | rst_IBUF                           |                1 |              8 |
|  clk_IBUF_BUFG | nolabel_line39/MEM[323][7]_i_1_n_0   | rst_IBUF                           |                1 |              8 |
|  clk_IBUF_BUFG | nolabel_line39/MEM[317][7]_i_1_n_0   | rst_IBUF                           |                5 |              8 |
|  clk_IBUF_BUFG | nolabel_line39/MEM[278][7]_i_1_n_0   | rst_IBUF                           |                1 |              8 |
|  clk_IBUF_BUFG | nolabel_line39/MEM[324][7]_i_1_n_0   | rst_IBUF                           |                2 |              8 |
|  clk_IBUF_BUFG | nolabel_line39/MEM[325][7]_i_1_n_0   | rst_IBUF                           |                2 |              8 |
|  clk_IBUF_BUFG | nolabel_line39/MEM[298][7]_i_1_n_0   | rst_IBUF                           |                1 |              8 |
|  clk_IBUF_BUFG | nolabel_line39/MEM[326][7]_i_1_n_0   | rst_IBUF                           |                1 |              8 |
|  clk_IBUF_BUFG | nolabel_line39/MEM[283][7]_i_1_n_0   | rst_IBUF                           |                4 |              8 |
|  clk_IBUF_BUFG | nolabel_line39/MEM[327][7]_i_1_n_0   | rst_IBUF                           |                2 |              8 |
|  clk_IBUF_BUFG | nolabel_line39/MEM[279][7]_i_1_n_0   | rst_IBUF                           |                4 |              8 |
|  clk_IBUF_BUFG | nolabel_line39/MEM[306][7]_i_1_n_0   | rst_IBUF                           |                3 |              8 |
|  clk_IBUF_BUFG | nolabel_line39/MEM[307][7]_i_1_n_0   | rst_IBUF                           |                2 |              8 |
|  clk_IBUF_BUFG | nolabel_line39/MEM[316][7]_i_1_n_0   | rst_IBUF                           |                2 |              8 |
|  clk_IBUF_BUFG | nolabel_line39/MEM[293][7]_i_1_n_0   | rst_IBUF                           |                3 |              8 |
|  clk_IBUF_BUFG | nolabel_line39/MEM[284][7]_i_1_n_0   | rst_IBUF                           |                3 |              8 |
|  clk_IBUF_BUFG | nolabel_line39/MEM[292][7]_i_1_n_0   | rst_IBUF                           |                2 |              8 |
|  clk_IBUF_BUFG | nolabel_line39/MEM[28][7]_i_1_n_0    | rst_IBUF                           |                2 |              8 |
|  clk_IBUF_BUFG | nolabel_line39/MEM[294][7]_i_1_n_0   | rst_IBUF                           |                4 |              8 |
|  clk_IBUF_BUFG | nolabel_line39/MEM[299][7]_i_1_n_0   | rst_IBUF                           |                2 |              8 |
|  clk_IBUF_BUFG | nolabel_line39/MEM[300][7]_i_1_n_0   | rst_IBUF                           |                2 |              8 |
|  clk_IBUF_BUFG | nolabel_line39/MEM[286][7]_i_1_n_0   | rst_IBUF                           |                4 |              8 |
|  clk_IBUF_BUFG | nolabel_line39/MEM[295][7]_i_1_n_0   | rst_IBUF                           |                5 |              8 |
|  clk_IBUF_BUFG | nolabel_line39/MEM[29][7]_i_1_n_0    | rst_IBUF                           |                6 |              8 |
|  clk_IBUF_BUFG | nolabel_line39/MEM[301][7]_i_1_n_0   | rst_IBUF                           |                7 |              8 |
|  clk_IBUF_BUFG | nolabel_line39/MEM[302][7]_i_1_n_0   | rst_IBUF                           |                6 |              8 |
|  clk_IBUF_BUFG | nolabel_line39/MEM[304][7]_i_1_n_0   | rst_IBUF                           |                2 |              8 |
|  clk_IBUF_BUFG | nolabel_line39/MEM[288][7]_i_1_n_0   | rst_IBUF                           |                1 |              8 |
|  clk_IBUF_BUFG | nolabel_line39/MEM[30][7]_i_1_n_0    | rst_IBUF                           |                2 |              8 |
|  clk_IBUF_BUFG | nolabel_line39/MEM[363][7]_i_1_n_0   | rst_IBUF                           |                3 |              8 |
|  clk_IBUF_BUFG | nolabel_line39/MEM[373][7]_i_1_n_0   | rst_IBUF                           |                1 |              8 |
|  clk_IBUF_BUFG | nolabel_line39/MEM[377][7]_i_1_n_0   | rst_IBUF                           |                1 |              8 |
|  clk_IBUF_BUFG | nolabel_line39/MEM[380][7]_i_1_n_0   | rst_IBUF                           |                3 |              8 |
|  clk_IBUF_BUFG | nolabel_line39/MEM[32][7]_i_1_n_0    | rst_IBUF                           |                1 |              8 |
|  clk_IBUF_BUFG | nolabel_line39/MEM[382][7]_i_1_n_0   | rst_IBUF                           |                2 |              8 |
|  clk_IBUF_BUFG | nolabel_line39/MEM[362][7]_i_1_n_0   | rst_IBUF                           |                2 |              8 |
|  clk_IBUF_BUFG | nolabel_line39/MEM[329][7]_i_1_n_0   | rst_IBUF                           |                2 |              8 |
|  clk_IBUF_BUFG | nolabel_line39/MEM[336][7]_i_1_n_0   | rst_IBUF                           |                1 |              8 |
|  clk_IBUF_BUFG | nolabel_line39/MEM[339][7]_i_1_n_0   | rst_IBUF                           |                3 |              8 |
|  clk_IBUF_BUFG | nolabel_line39/MEM[340][7]_i_1_n_0   | rst_IBUF                           |                2 |              8 |
|  clk_IBUF_BUFG | nolabel_line39/MEM[341][7]_i_1_n_0   | rst_IBUF                           |                2 |              8 |
|  clk_IBUF_BUFG | nolabel_line39/MEM[348][7]_i_1_n_0   | rst_IBUF                           |                4 |              8 |
|  clk_IBUF_BUFG | nolabel_line39/MEM[349][7]_i_1_n_0   | rst_IBUF                           |                4 |              8 |
|  clk_IBUF_BUFG | nolabel_line39/MEM[367][7]_i_1_n_0   | rst_IBUF                           |                5 |              8 |
|  clk_IBUF_BUFG | nolabel_line39/MEM[368][7]_i_1_n_0   | rst_IBUF                           |                3 |              8 |
|  clk_IBUF_BUFG | nolabel_line39/MEM[357][7]_i_1_n_0   | rst_IBUF                           |                1 |              8 |
|  clk_IBUF_BUFG | nolabel_line39/MEM[359][7]_i_1_n_0   | rst_IBUF                           |                2 |              8 |
|  clk_IBUF_BUFG | nolabel_line39/MEM[333][7]_i_1_n_0   | rst_IBUF                           |                3 |              8 |
|  clk_IBUF_BUFG | nolabel_line39/MEM[36][7]_i_1_n_0    | rst_IBUF                           |                3 |              8 |
|  clk_IBUF_BUFG | nolabel_line39/MEM[371][7]_i_1_n_0   | rst_IBUF                           |                1 |              8 |
|  clk_IBUF_BUFG | nolabel_line39/MEM[346][7]_i_1_n_0   | rst_IBUF                           |                3 |              8 |
|  clk_IBUF_BUFG | nolabel_line39/MEM[374][7]_i_1_n_0   | rst_IBUF                           |                1 |              8 |
|  clk_IBUF_BUFG | nolabel_line39/MEM[332][7]_i_1_n_0   | rst_IBUF                           |                1 |              8 |
|  clk_IBUF_BUFG | nolabel_line39/MEM[334][7]_i_1_n_0   | rst_IBUF                           |                7 |              8 |
|  clk_IBUF_BUFG | nolabel_line39/MEM[352][7]_i_1_n_0   | rst_IBUF                           |                1 |              8 |
|  clk_IBUF_BUFG | nolabel_line39/MEM[353][7]_i_1_n_0   | rst_IBUF                           |                5 |              8 |
|  clk_IBUF_BUFG | nolabel_line39/MEM[364][7]_i_1_n_0   | rst_IBUF                           |                2 |              8 |
|  clk_IBUF_BUFG | nolabel_line39/MEM[338][7]_i_1_n_0   | rst_IBUF                           |                1 |              8 |
|  clk_IBUF_BUFG | nolabel_line39/MEM[328][7]_i_1_n_0   | rst_IBUF                           |                2 |              8 |
|  clk_IBUF_BUFG | nolabel_line39/MEM[370][7]_i_1_n_0   | rst_IBUF                           |                1 |              8 |
|  clk_IBUF_BUFG | nolabel_line39/MEM[375][7]_i_1_n_0   | rst_IBUF                           |                3 |              8 |
|  clk_IBUF_BUFG | nolabel_line39/MEM[379][7]_i_1_n_0   | rst_IBUF                           |                2 |              8 |
|  clk_IBUF_BUFG | nolabel_line39/MEM[344][7]_i_1_n_0   | rst_IBUF                           |                3 |              8 |
|  clk_IBUF_BUFG | nolabel_line39/MEM[345][7]_i_1_n_0   | rst_IBUF                           |                5 |              8 |
|  clk_IBUF_BUFG | nolabel_line39/MEM[365][7]_i_1_n_0   | rst_IBUF                           |                3 |              8 |
|  clk_IBUF_BUFG | nolabel_line39/MEM[330][7]_i_1_n_0   | rst_IBUF                           |                2 |              8 |
|  clk_IBUF_BUFG | nolabel_line39/MEM[350][7]_i_1_n_0   | rst_IBUF                           |                6 |              8 |
|  clk_IBUF_BUFG | nolabel_line39/MEM[37][7]_i_1_n_0    | rst_IBUF                           |                1 |              8 |
|  clk_IBUF_BUFG | nolabel_line39/MEM[381][7]_i_1_n_0   | rst_IBUF                           |                4 |              8 |
|  clk_IBUF_BUFG | nolabel_line39/MEM[361][7]_i_1_n_0   | rst_IBUF                           |                1 |              8 |
|  clk_IBUF_BUFG | nolabel_line39/MEM[342][7]_i_1_n_0   | rst_IBUF                           |                6 |              8 |
|  clk_IBUF_BUFG | nolabel_line39/MEM[366][7]_i_1_n_0   | rst_IBUF                           |                3 |              8 |
|  clk_IBUF_BUFG | nolabel_line39/MEM[376][7]_i_1_n_0   | rst_IBUF                           |                1 |              8 |
|  clk_IBUF_BUFG | nolabel_line39/MEM[33][7]_i_1_n_0    | rst_IBUF                           |                4 |              8 |
|  clk_IBUF_BUFG | nolabel_line39/MEM[378][7]_i_1_n_0   | rst_IBUF                           |                2 |              8 |
|  clk_IBUF_BUFG | nolabel_line39/MEM[355][7]_i_1_n_0   | rst_IBUF                           |                1 |              8 |
|  clk_IBUF_BUFG | nolabel_line39/MEM[335][7]_i_1_n_0   | rst_IBUF                           |                6 |              8 |
|  clk_IBUF_BUFG | nolabel_line39/MEM[354][7]_i_1_n_0   | rst_IBUF                           |                1 |              8 |
|  clk_IBUF_BUFG | nolabel_line39/MEM[351][7]_i_1_n_0   | rst_IBUF                           |                6 |              8 |
|  clk_IBUF_BUFG | nolabel_line39/MEM[356][7]_i_1_n_0   | rst_IBUF                           |                4 |              8 |
|  clk_IBUF_BUFG | nolabel_line39/MEM[347][7]_i_1_n_0   | rst_IBUF                           |                3 |              8 |
|  clk_IBUF_BUFG | nolabel_line39/MEM[372][7]_i_1_n_0   | rst_IBUF                           |                4 |              8 |
|  clk_IBUF_BUFG | nolabel_line39/MEM[337][7]_i_1_n_0   | rst_IBUF                           |                4 |              8 |
|  clk_IBUF_BUFG | nolabel_line39/MEM[343][7]_i_1_n_0   | rst_IBUF                           |                2 |              8 |
|  clk_IBUF_BUFG | nolabel_line39/MEM[34][7]_i_1_n_0    | rst_IBUF                           |                4 |              8 |
|  clk_IBUF_BUFG | nolabel_line39/MEM[369][7]_i_1_n_0   | rst_IBUF                           |                2 |              8 |
|  clk_IBUF_BUFG | nolabel_line39/MEM[35][7]_i_1_n_0    | rst_IBUF                           |                1 |              8 |
|  clk_IBUF_BUFG | nolabel_line39/MEM[331][7]_i_1_n_0   | rst_IBUF                           |                6 |              8 |
|  clk_IBUF_BUFG | nolabel_line39/MEM[358][7]_i_1_n_0   | rst_IBUF                           |                3 |              8 |
|  clk_IBUF_BUFG | nolabel_line39/MEM[360][7]_i_1_n_0   | rst_IBUF                           |                2 |              8 |
|  clk_IBUF_BUFG | nolabel_line39/MEM[407][7]_i_1_n_0   | rst_IBUF                           |                3 |              8 |
|  clk_IBUF_BUFG | nolabel_line39/MEM[391][7]_i_1_n_0   | rst_IBUF                           |                4 |              8 |
|  clk_IBUF_BUFG | nolabel_line39/MEM[38][7]_i_1_n_0    | rst_IBUF                           |                2 |              8 |
|  clk_IBUF_BUFG | nolabel_line39/MEM[392][7]_i_1_n_0   | rst_IBUF                           |                2 |              8 |
|  clk_IBUF_BUFG | nolabel_line39/MEM[385][7]_i_1_n_0   | rst_IBUF                           |                2 |              8 |
|  clk_IBUF_BUFG | nolabel_line39/MEM[401][7]_i_1_n_0   | rst_IBUF                           |                2 |              8 |
|  clk_IBUF_BUFG | nolabel_line39/MEM[408][7]_i_1_n_0   | rst_IBUF                           |                4 |              8 |
|  clk_IBUF_BUFG | nolabel_line39/MEM[398][7]_i_1_n_0   | rst_IBUF                           |                7 |              8 |
|  clk_IBUF_BUFG | nolabel_line39/MEM[383][7]_i_1_n_0   | rst_IBUF                           |                5 |              8 |
|  clk_IBUF_BUFG | nolabel_line39/MEM[409][7]_i_1_n_0   | rst_IBUF                           |                2 |              8 |
|  clk_IBUF_BUFG | nolabel_line39/MEM[410][7]_i_1_n_0   | rst_IBUF                           |                1 |              8 |
|  clk_IBUF_BUFG | nolabel_line39/MEM[411][7]_i_1_n_0   | rst_IBUF                           |                3 |              8 |
|  clk_IBUF_BUFG | nolabel_line39/MEM[396][7]_i_1_n_0   | rst_IBUF                           |                1 |              8 |
|  clk_IBUF_BUFG | nolabel_line39/MEM[389][7]_i_1_n_0   | rst_IBUF                           |                2 |              8 |
|  clk_IBUF_BUFG | nolabel_line39/MEM[3][7]_i_1_n_0     | rst_IBUF                           |                2 |              8 |
|  clk_IBUF_BUFG | nolabel_line39/MEM[399][7]_i_1_n_0   | rst_IBUF                           |                2 |              8 |
|  clk_IBUF_BUFG | nolabel_line39/MEM[403][7]_i_1_n_0   | rst_IBUF                           |                1 |              8 |
|  clk_IBUF_BUFG | nolabel_line39/MEM[414][7]_i_1_n_0   | rst_IBUF                           |                7 |              8 |
|  clk_IBUF_BUFG | nolabel_line39/MEM[402][7]_i_1_n_0   | rst_IBUF                           |                1 |              8 |
|  clk_IBUF_BUFG | nolabel_line39/MEM[415][7]_i_1_n_0   | rst_IBUF                           |                7 |              8 |
|  clk_IBUF_BUFG | nolabel_line39/MEM[413][7]_i_1_n_0   | rst_IBUF                           |                2 |              8 |
|  clk_IBUF_BUFG | nolabel_line39/MEM[418][7]_i_1_n_0   | rst_IBUF                           |                1 |              8 |
|  clk_IBUF_BUFG | nolabel_line39/MEM[412][7]_i_1_n_0   | rst_IBUF                           |                4 |              8 |
|  clk_IBUF_BUFG | nolabel_line39/MEM[419][7]_i_1_n_0   | rst_IBUF                           |                4 |              8 |
|  clk_IBUF_BUFG | nolabel_line39/MEM[416][7]_i_1_n_0   | rst_IBUF                           |                3 |              8 |
|  clk_IBUF_BUFG | nolabel_line39/MEM[420][7]_i_1_n_0   | rst_IBUF                           |                2 |              8 |
|  clk_IBUF_BUFG | nolabel_line39/MEM[422][7]_i_1_n_0   | rst_IBUF                           |                5 |              8 |
|  clk_IBUF_BUFG | nolabel_line39/MEM[406][7]_i_1_n_0   | rst_IBUF                           |                1 |              8 |
|  clk_IBUF_BUFG | nolabel_line39/MEM[423][7]_i_1_n_0   | rst_IBUF                           |                1 |              8 |
|  clk_IBUF_BUFG | nolabel_line39/MEM[388][7]_i_1_n_0   | rst_IBUF                           |                1 |              8 |
|  clk_IBUF_BUFG | nolabel_line39/MEM[393][7]_i_1_n_0   | rst_IBUF                           |                3 |              8 |
|  clk_IBUF_BUFG | nolabel_line39/MEM[404][7]_i_1_n_0   | rst_IBUF                           |                3 |              8 |
|  clk_IBUF_BUFG | nolabel_line39/MEM[424][7]_i_1_n_0   | rst_IBUF                           |                3 |              8 |
|  clk_IBUF_BUFG | nolabel_line39/MEM[40][7]_i_1_n_0    | rst_IBUF                           |                1 |              8 |
|  clk_IBUF_BUFG | nolabel_line39/MEM[417][7]_i_1_n_0   | rst_IBUF                           |                4 |              8 |
|  clk_IBUF_BUFG | nolabel_line39/MEM[41][7]_i_1_n_0    | rst_IBUF                           |                1 |              8 |
|  clk_IBUF_BUFG | nolabel_line39/MEM[394][7]_i_1_n_0   | rst_IBUF                           |                2 |              8 |
|  clk_IBUF_BUFG | nolabel_line39/MEM[39][7]_i_1_n_0    | rst_IBUF                           |                1 |              8 |
|  clk_IBUF_BUFG | nolabel_line39/MEM[421][7]_i_1_n_0   | rst_IBUF                           |                1 |              8 |
|  clk_IBUF_BUFG | nolabel_line39/MEM[425][7]_i_1_n_0   | rst_IBUF                           |                3 |              8 |
|  clk_IBUF_BUFG | nolabel_line39/MEM[384][7]_i_1_n_0   | rst_IBUF                           |                1 |              8 |
|  clk_IBUF_BUFG | nolabel_line39/MEM[386][7]_i_1_n_0   | rst_IBUF                           |                2 |              8 |
|  clk_IBUF_BUFG | nolabel_line39/MEM[387][7]_i_1_n_0   | rst_IBUF                           |                2 |              8 |
|  clk_IBUF_BUFG | nolabel_line39/MEM[390][7]_i_1_n_0   | rst_IBUF                           |                1 |              8 |
|  clk_IBUF_BUFG | nolabel_line39/MEM[395][7]_i_1_n_0   | rst_IBUF                           |                3 |              8 |
|  clk_IBUF_BUFG | nolabel_line39/MEM[397][7]_i_1_n_0   | rst_IBUF                           |                6 |              8 |
|  clk_IBUF_BUFG | nolabel_line39/MEM[405][7]_i_1_n_0   | rst_IBUF                           |                2 |              8 |
|  clk_IBUF_BUFG | nolabel_line39/MEM[400][7]_i_1_n_0   | rst_IBUF                           |                1 |              8 |
|  clk_IBUF_BUFG | nolabel_line39/MEM[43][7]_i_1_n_0    | rst_IBUF                           |                4 |              8 |
|  clk_IBUF_BUFG | nolabel_line39/MEM[436][7]_i_1_n_0   | rst_IBUF                           |                1 |              8 |
|  clk_IBUF_BUFG | nolabel_line39/MEM[444][7]_i_1_n_0   | rst_IBUF                           |                1 |              8 |
|  clk_IBUF_BUFG | nolabel_line39/MEM[438][7]_i_1_n_0   | rst_IBUF                           |                1 |              8 |
|  clk_IBUF_BUFG | nolabel_line39/MEM[439][7]_i_1_n_0   | rst_IBUF                           |                1 |              8 |
|  clk_IBUF_BUFG | nolabel_line39/MEM[455][7]_i_1_n_0   | rst_IBUF                           |                2 |              8 |
|  clk_IBUF_BUFG | nolabel_line39/MEM[446][7]_i_1_n_0   | rst_IBUF                           |                6 |              8 |
|  clk_IBUF_BUFG | nolabel_line39/MEM[431][7]_i_1_n_0   | rst_IBUF                           |                7 |              8 |
|  clk_IBUF_BUFG | nolabel_line39/MEM[456][7]_i_1_n_0   | rst_IBUF                           |                2 |              8 |
|  clk_IBUF_BUFG | nolabel_line39/MEM[458][7]_i_1_n_0   | rst_IBUF                           |                2 |              8 |
|  clk_IBUF_BUFG | nolabel_line39/MEM[460][7]_i_1_n_0   | rst_IBUF                           |                5 |              8 |
|  clk_IBUF_BUFG | nolabel_line39/MEM[437][7]_i_1_n_0   | rst_IBUF                           |                2 |              8 |
|  clk_IBUF_BUFG | nolabel_line39/MEM[461][7]_i_1_n_0   | rst_IBUF                           |                7 |              8 |
|  clk_IBUF_BUFG | nolabel_line39/MEM[463][7]_i_1_n_0   | rst_IBUF                           |                4 |              8 |
|  clk_IBUF_BUFG | nolabel_line39/MEM[464][7]_i_1_n_0   | rst_IBUF                           |                4 |              8 |
|  clk_IBUF_BUFG | nolabel_line39/MEM[466][7]_i_1_n_0   | rst_IBUF                           |                2 |              8 |
|  clk_IBUF_BUFG | nolabel_line39/MEM[451][7]_i_1_n_0   | rst_IBUF                           |                3 |              8 |
|  clk_IBUF_BUFG | nolabel_line39/MEM[468][7]_i_1_n_0   | rst_IBUF                           |                4 |              8 |
|  clk_IBUF_BUFG | nolabel_line39/MEM[467][7]_i_1_n_0   | rst_IBUF                           |                1 |              8 |
|  clk_IBUF_BUFG | nolabel_line39/MEM[45][7]_i_1_n_0    | rst_IBUF                           |                4 |              8 |
|  clk_IBUF_BUFG | nolabel_line39/MEM[46][7]_i_1_n_0    | rst_IBUF                           |                5 |              8 |
|  clk_IBUF_BUFG | nolabel_line39/MEM[426][7]_i_1_n_0   | rst_IBUF                           |                2 |              8 |
|  clk_IBUF_BUFG | nolabel_line39/MEM[459][7]_i_1_n_0   | rst_IBUF                           |                1 |              8 |
|  clk_IBUF_BUFG | nolabel_line39/MEM[42][7]_i_1_n_0    | rst_IBUF                           |                3 |              8 |
|  clk_IBUF_BUFG | nolabel_line39/MEM[430][7]_i_1_n_0   | rst_IBUF                           |                2 |              8 |
|  clk_IBUF_BUFG | nolabel_line39/MEM[440][7]_i_1_n_0   | rst_IBUF                           |                5 |              8 |
|  clk_IBUF_BUFG | nolabel_line39/MEM[470][7]_i_1_n_0   | rst_IBUF                           |                2 |              8 |
|  clk_IBUF_BUFG | nolabel_line39/MEM[442][7]_i_1_n_0   | rst_IBUF                           |                2 |              8 |
|  clk_IBUF_BUFG | nolabel_line39/MEM[454][7]_i_1_n_0   | rst_IBUF                           |                4 |              8 |
|  clk_IBUF_BUFG | nolabel_line39/MEM[443][7]_i_1_n_0   | rst_IBUF                           |                5 |              8 |
|  clk_IBUF_BUFG | nolabel_line39/MEM[469][7]_i_1_n_0   | rst_IBUF                           |                1 |              8 |
|  clk_IBUF_BUFG | nolabel_line39/MEM[449][7]_i_1_n_0   | rst_IBUF                           |                1 |              8 |
|  clk_IBUF_BUFG | nolabel_line39/MEM[465][7]_i_1_n_0   | rst_IBUF                           |                2 |              8 |
|  clk_IBUF_BUFG | nolabel_line39/MEM[428][7]_i_1_n_0   | rst_IBUF                           |                4 |              8 |
|  clk_IBUF_BUFG | nolabel_line39/MEM[471][7]_i_1_n_0   | rst_IBUF                           |                3 |              8 |
|  clk_IBUF_BUFG | nolabel_line39/MEM[472][7]_i_1_n_0   | rst_IBUF                           |                3 |              8 |
|  clk_IBUF_BUFG | nolabel_line39/MEM[473][7]_i_1_n_0   | rst_IBUF                           |                4 |              8 |
|  clk_IBUF_BUFG | nolabel_line39/MEM[475][7]_i_1_n_0   | rst_IBUF                           |                3 |              8 |
|  clk_IBUF_BUFG | nolabel_line39/MEM[476][7]_i_1_n_0   | rst_IBUF                           |                3 |              8 |
|  clk_IBUF_BUFG | nolabel_line39/MEM[445][7]_i_1_n_0   | rst_IBUF                           |                2 |              8 |
|  clk_IBUF_BUFG | nolabel_line39/MEM[462][7]_i_1_n_0   | rst_IBUF                           |                5 |              8 |
|  clk_IBUF_BUFG | nolabel_line39/MEM[478][7]_i_1_n_0   | rst_IBUF                           |                4 |              8 |
|  clk_IBUF_BUFG | nolabel_line39/MEM[44][7]_i_1_n_0    | rst_IBUF                           |                3 |              8 |
|  clk_IBUF_BUFG | nolabel_line39/MEM[474][7]_i_1_n_0   | rst_IBUF                           |                2 |              8 |
|  clk_IBUF_BUFG | nolabel_line39/MEM[429][7]_i_1_n_0   | rst_IBUF                           |                3 |              8 |
|  clk_IBUF_BUFG | nolabel_line39/MEM[450][7]_i_1_n_0   | rst_IBUF                           |                3 |              8 |
|  clk_IBUF_BUFG | nolabel_line39/MEM[479][7]_i_1_n_0   | rst_IBUF                           |                6 |              8 |
|  clk_IBUF_BUFG | nolabel_line39/MEM[47][7]_i_1_n_0    | rst_IBUF                           |                7 |              8 |
|  clk_IBUF_BUFG | nolabel_line39/MEM[457][7]_i_1_n_0   | rst_IBUF                           |                1 |              8 |
|  clk_IBUF_BUFG | nolabel_line39/MEM[477][7]_i_1_n_0   | rst_IBUF                           |                4 |              8 |
|  clk_IBUF_BUFG | nolabel_line39/MEM[433][7]_i_1_n_0   | rst_IBUF                           |                2 |              8 |
|  clk_IBUF_BUFG | nolabel_line39/MEM[432][7]_i_1_n_0   | rst_IBUF                           |                2 |              8 |
|  clk_IBUF_BUFG | nolabel_line39/MEM[434][7]_i_1_n_0   | rst_IBUF                           |                1 |              8 |
|  clk_IBUF_BUFG | nolabel_line39/MEM[427][7]_i_1_n_0   | rst_IBUF                           |                3 |              8 |
|  clk_IBUF_BUFG | nolabel_line39/MEM[435][7]_i_1_n_0   | rst_IBUF                           |                3 |              8 |
|  clk_IBUF_BUFG | nolabel_line39/MEM[441][7]_i_1_n_0   | rst_IBUF                           |                1 |              8 |
|  clk_IBUF_BUFG | nolabel_line39/MEM[447][7]_i_1_n_0   | rst_IBUF                           |                2 |              8 |
|  clk_IBUF_BUFG | nolabel_line39/MEM[452][7]_i_1_n_0   | rst_IBUF                           |                3 |              8 |
|  clk_IBUF_BUFG | nolabel_line39/MEM[448][7]_i_1_n_0   | rst_IBUF                           |                1 |              8 |
|  clk_IBUF_BUFG | nolabel_line39/MEM[453][7]_i_1_n_0   | rst_IBUF                           |                3 |              8 |
|  clk_IBUF_BUFG | nolabel_line39/MEM[4][7]_i_1_n_0     | rst_IBUF                           |                4 |              8 |
|  clk_IBUF_BUFG | nolabel_line39/MEM[489][7]_i_1_n_0   | rst_IBUF                           |                3 |              8 |
|  clk_IBUF_BUFG | nolabel_line39/MEM[497][7]_i_1_n_0   | rst_IBUF                           |                3 |              8 |
|  clk_IBUF_BUFG | nolabel_line39/MEM[499][7]_i_1_n_0   | rst_IBUF                           |                3 |              8 |
|  clk_IBUF_BUFG | nolabel_line39/MEM[49][7]_i_1_n_0    | rst_IBUF                           |                2 |              8 |
|  clk_IBUF_BUFG | nolabel_line39/MEM[501][7]_i_1_n_0   | rst_IBUF                           |                2 |              8 |
|  clk_IBUF_BUFG | nolabel_line39/MEM[481][7]_i_1_n_0   | rst_IBUF                           |                5 |              8 |
|  clk_IBUF_BUFG | nolabel_line39/MEM[506][7]_i_1_n_0   | rst_IBUF                           |                2 |              8 |
|  clk_IBUF_BUFG | nolabel_line39/MEM[507][7]_i_1_n_0   | rst_IBUF                           |                6 |              8 |
|  clk_IBUF_BUFG | nolabel_line39/MEM[508][7]_i_1_n_0   | rst_IBUF                           |                3 |              8 |
|  clk_IBUF_BUFG | nolabel_line39/MEM[487][7]_i_1_n_0   | rst_IBUF                           |                3 |              8 |
|  clk_IBUF_BUFG | nolabel_line39/MEM[486][7]_i_1_n_0   | rst_IBUF                           |                1 |              8 |
|  clk_IBUF_BUFG | nolabel_line39/MEM[498][7]_i_1_n_0   | rst_IBUF                           |                1 |              8 |
|  clk_IBUF_BUFG | nolabel_line39/MEM[505][7]_i_1_n_0   | rst_IBUF                           |                3 |              8 |
|  clk_IBUF_BUFG | nolabel_line39/MEM[52][7]_i_1_n_0    | rst_IBUF                           |                2 |              8 |
|  clk_IBUF_BUFG | nolabel_line39/MEM[490][7]_i_1_n_0   | rst_IBUF                           |                4 |              8 |
|  clk_IBUF_BUFG | nolabel_line39/MEM[54][7]_i_1_n_0    | rst_IBUF                           |                4 |              8 |
|  clk_IBUF_BUFG | nolabel_line39/MEM[55][7]_i_1_n_0    | rst_IBUF                           |                2 |              8 |
|  clk_IBUF_BUFG | nolabel_line39/MEM[59][7]_i_1_n_0    | rst_IBUF                           |                5 |              8 |
|  clk_IBUF_BUFG | nolabel_line39/MEM[60][7]_i_1_n_0    | rst_IBUF                           |                1 |              8 |
|  clk_IBUF_BUFG | nolabel_line39/MEM[61][7]_i_1_n_0    | rst_IBUF                           |                6 |              8 |
|  clk_IBUF_BUFG | nolabel_line39/MEM[66][7]_i_1_n_0    | rst_IBUF                           |                3 |              8 |
|  clk_IBUF_BUFG | nolabel_line39/MEM[67][7]_i_1_n_0    | rst_IBUF                           |                4 |              8 |
|  clk_IBUF_BUFG | nolabel_line39/MEM[58][7]_i_1_n_0    | rst_IBUF                           |                1 |              8 |
|  clk_IBUF_BUFG | nolabel_line39/MEM[483][7]_i_1_n_0   | rst_IBUF                           |                2 |              8 |
|  clk_IBUF_BUFG | nolabel_line39/MEM[509][7]_i_1_n_0   | rst_IBUF                           |                3 |              8 |
|  clk_IBUF_BUFG | nolabel_line39/MEM[510][7]_i_1_n_0   | rst_IBUF                           |                7 |              8 |
|  clk_IBUF_BUFG | nolabel_line39/MEM[5][7]_i_1_n_0     | rst_IBUF                           |                2 |              8 |
|  clk_IBUF_BUFG | nolabel_line39/MEM[51][7]_i_1_n_0    | rst_IBUF                           |                1 |              8 |
|  clk_IBUF_BUFG | nolabel_line39/MEM[53][7]_i_1_n_0    | rst_IBUF                           |                5 |              8 |
|  clk_IBUF_BUFG | nolabel_line39/MEM[68][7]_i_1_n_0    | rst_IBUF                           |                1 |              8 |
|  clk_IBUF_BUFG | nolabel_line39/MEM[48][7]_i_1_n_0    | rst_IBUF                           |                3 |              8 |
|  clk_IBUF_BUFG | nolabel_line39/MEM[504][7]_i_1_n_0   | rst_IBUF                           |                2 |              8 |
|  clk_IBUF_BUFG | nolabel_line39/MEM[484][7]_i_1_n_0   | rst_IBUF                           |                4 |              8 |
|  clk_IBUF_BUFG | nolabel_line39/MEM[496][7]_i_1_n_0   | rst_IBUF                           |                3 |              8 |
|  clk_IBUF_BUFG | nolabel_line39/MEM[56][7]_i_1_n_0    | rst_IBUF                           |                2 |              8 |
|  clk_IBUF_BUFG | nolabel_line39/MEM[62][7]_i_1_n_0    | rst_IBUF                           |                5 |              8 |
|  clk_IBUF_BUFG | nolabel_line39/MEM[69][7]_i_1_n_0    | rst_IBUF                           |                1 |              8 |
|  clk_IBUF_BUFG | nolabel_line39/MEM[6][7]_i_1_n_0     | rst_IBUF                           |                1 |              8 |
|  clk_IBUF_BUFG | nolabel_line39/MEM[480][7]_i_1_n_0   | rst_IBUF                           |                3 |              8 |
|  clk_IBUF_BUFG | nolabel_line39/MEM[485][7]_i_1_n_0   | rst_IBUF                           |                2 |              8 |
|  clk_IBUF_BUFG | nolabel_line39/MEM[493][7]_i_1_n_0   | rst_IBUF                           |                4 |              8 |
|  clk_IBUF_BUFG | nolabel_line39/MEM[495][7]_i_1_n_0   | rst_IBUF                           |                6 |              8 |
|  clk_IBUF_BUFG | nolabel_line39/MEM[63][7]_i_1_n_0    | rst_IBUF                           |                3 |              8 |
|  clk_IBUF_BUFG | nolabel_line39/MEM[491][7]_i_1_n_0   | rst_IBUF                           |                3 |              8 |
|  clk_IBUF_BUFG | nolabel_line39/MEM[503][7]_i_1_n_0   | rst_IBUF                           |                2 |              8 |
|  clk_IBUF_BUFG | nolabel_line39/MEM[488][7]_i_1_n_0   | rst_IBUF                           |                4 |              8 |
|  clk_IBUF_BUFG | nolabel_line39/MEM[65][7]_i_1_n_0    | rst_IBUF                           |                2 |              8 |
|  clk_IBUF_BUFG | nolabel_line39/MEM[500][7]_i_1_n_0   | rst_IBUF                           |                3 |              8 |
|  clk_IBUF_BUFG | nolabel_line39/MEM[50][7]_i_1_n_0    | rst_IBUF                           |                2 |              8 |
|  clk_IBUF_BUFG | nolabel_line39/MEM[64][7]_i_1_n_0    | rst_IBUF                           |                2 |              8 |
|  clk_IBUF_BUFG | nolabel_line39/MEM[502][7]_i_1_n_0   | rst_IBUF                           |                2 |              8 |
|  clk_IBUF_BUFG | nolabel_line39/MEM[494][7]_i_1_n_0   | rst_IBUF                           |                3 |              8 |
|  clk_IBUF_BUFG | nolabel_line39/MEM[57][7]_i_1_n_0    | rst_IBUF                           |                3 |              8 |
|  clk_IBUF_BUFG | nolabel_line39/MEM[482][7]_i_1_n_0   | rst_IBUF                           |                5 |              8 |
|  clk_IBUF_BUFG | nolabel_line39/MEM[492][7]_i_1_n_0   | rst_IBUF                           |                7 |              8 |
|  clk_IBUF_BUFG | nolabel_line39/MEM[82][7]_i_1_n_0    | rst_IBUF                           |                1 |              8 |
|  clk_IBUF_BUFG | nolabel_line39/MEM[71][7]_i_1_n_0    | rst_IBUF                           |                4 |              8 |
|  clk_IBUF_BUFG | nolabel_line39/MEM[74][7]_i_1_n_0    | rst_IBUF                           |                3 |              8 |
|  clk_IBUF_BUFG | nolabel_line39/MEM[75][7]_i_1_n_0    | rst_IBUF                           |                1 |              8 |
|  clk_IBUF_BUFG | nolabel_line39/MEM[7][7]_i_1_n_0     | rst_IBUF                           |                4 |              8 |
|  clk_IBUF_BUFG | nolabel_line39/MEM[78][7]_i_1_n_0    | rst_IBUF                           |                4 |              8 |
|  clk_IBUF_BUFG | nolabel_line39/MEM[73][7]_i_1_n_0    | rst_IBUF                           |                2 |              8 |
|  clk_IBUF_BUFG | nolabel_line39/MEM[81][7]_i_1_n_0    | rst_IBUF                           |                1 |              8 |
|  clk_IBUF_BUFG | nolabel_line39/MEM[76][7]_i_1_n_0    | rst_IBUF                           |                4 |              8 |
|  clk_IBUF_BUFG | nolabel_line39/MEM[70][7]_i_1_n_0    | rst_IBUF                           |                1 |              8 |
|  clk_IBUF_BUFG | nolabel_line39/MEM[72][7]_i_1_n_0    | rst_IBUF                           |                1 |              8 |
|  clk_IBUF_BUFG | nolabel_line39/MEM[80][7]_i_1_n_0    | rst_IBUF                           |                3 |              8 |
|  clk_IBUF_BUFG | nolabel_line39/MEM[79][7]_i_1_n_0    | rst_IBUF                           |                5 |              8 |
|  clk_IBUF_BUFG | nolabel_line39/MEM[83][7]_i_1_n_0    | rst_IBUF                           |                6 |              8 |
|  clk_IBUF_BUFG | nolabel_line39/MEM[77][7]_i_1_n_0    | rst_IBUF                           |                3 |              8 |
|  clk_IBUF_BUFG | nolabel_line39/MEM[85][7]_i_1_n_0    | rst_IBUF                           |                1 |              8 |
|  clk_IBUF_BUFG | nolabel_line39/MEM[84][7]_i_1_n_0    | rst_IBUF                           |                3 |              8 |
|  clk_IBUF_BUFG | nolabel_line39/MEM[88][7]_i_1_n_0    | rst_IBUF                           |                4 |              8 |
|  clk_IBUF_BUFG | nolabel_line39/MEM[98][7]_i_1_n_0    | rst_IBUF                           |                5 |              8 |
|  clk_IBUF_BUFG | nolabel_line39/MEM[96][7]_i_1_n_0    | rst_IBUF                           |                1 |              8 |
|  clk_IBUF_BUFG | nolabel_line39/MEM[9][7]_i_1_n_0     | rst_IBUF                           |                5 |              8 |
|  clk_IBUF_BUFG | nolabel_line39/MEM[87][7]_i_1_n_0    | rst_IBUF                           |                6 |              8 |
|  clk_IBUF_BUFG | nolabel_line39/MEM[97][7]_i_1_n_0    | rst_IBUF                           |                3 |              8 |
|  clk_IBUF_BUFG | nolabel_line39/MEM[95][7]_i_1_n_0    | rst_IBUF                           |                1 |              8 |
|  clk_IBUF_BUFG | nolabel_line39/MEM[91][7]_i_1_n_0    | rst_IBUF                           |                2 |              8 |
|  clk_IBUF_BUFG | nolabel_line39/MEM[92][7]_i_1_n_0    | rst_IBUF                           |                4 |              8 |
|  clk_IBUF_BUFG | nolabel_line39/MEM[8][7]_i_1_n_0     | rst_IBUF                           |                5 |              8 |
|  clk_IBUF_BUFG | nolabel_line39/MEM[90][7]_i_1_n_0    | rst_IBUF                           |                6 |              8 |
|  clk_IBUF_BUFG | nolabel_line39/MEM[93][7]_i_1_n_0    | rst_IBUF                           |                3 |              8 |
|  clk_IBUF_BUFG | nolabel_line39/MEM[94][7]_i_1_n_0    | rst_IBUF                           |                6 |              8 |
|  clk_IBUF_BUFG | nolabel_line39/MEM[99][7]_i_1_n_0    | rst_IBUF                           |                6 |              8 |
|  clk_IBUF_BUFG | nolabel_line39/MEM[86][7]_i_1_n_0    | rst_IBUF                           |                3 |              8 |
|  clk_IBUF_BUFG | nolabel_line40/counter[13]_i_1_n_0   |                                    |                5 |              9 |
|  clk_IBUF_BUFG |                                      |                                    |                3 |              9 |
|  clk_IBUF_BUFG | nolabel_line38/flag_add              | rst_IBUF                           |                4 |             15 |
|  clk_IBUF_BUFG | nolabel_line40/counter[13]_i_1_n_0   | nolabel_line40/counter[31]_i_1_n_0 |                8 |             24 |
|  clk_IBUF_BUFG | nolabel_line39/write_addr[5]_i_1_n_0 |                                    |               13 |             31 |
|  clk_IBUF_BUFG | nolabel_line40/address[8]_i_2_n_0    | nolabel_line40/address[8]_i_1_n_0  |               10 |             34 |
|  clk_IBUF_BUFG |                                      | rst_IBUF                           |               13 |             46 |
+----------------+--------------------------------------+------------------------------------+------------------+----------------+


